<mat-toolbar class="mat-typography" color="primary"
  >Sample header
  <div class="icons">
    <fa-icon
      [icon]="faBell"
      aria-hidden="false"
      aria-label="Notification Icon"
    ></fa-icon>
    <fa-icon
      [icon]="faQuestionCircle"
      aria-hidden="false"
      aria-label="Question Icon"
    ></fa-icon>
    <fa-icon
      [icon]="faUserCircle"
      aria-hidden="false"
      aria-label="Account Icon"
    ></fa-icon></div
></mat-toolbar>
