import { Component, OnInit } from '@angular/core';
import { NavigationEnd, Router } from '@angular/router';
import { filter } from 'rxjs';

@Component({
  selector: '<%= projectName %>-root',
  templateUrl: './app.component.html',
  styleUrls: ['./app.component.scss'],
})
export class AppComponent implements OnInit {
  title = 'razroo-nrwl-angular-shell';

  constructor(private router: Router) {}

  ngOnInit() {
    this.setUpAnalytics();
  }
}
