import { MatTableModule } from '@angular/material/table';
import { CommonModule } from '@angular/common';
import { AfterViewInit, Component, ViewChild, NgModule } from '@angular/core';
import { MatPaginator, MatPaginatorModule } from '@angular/material/paginator';
import { MatSortModule } from "@angular/material/sort";

/**
 * @title Table with pagination
 */
@Component({
  selector: 'table-pagination-example',
  styleUrls: ['table-pagination-example.css'],
  templateUrl: 'table-pagination-example.html',
})
export class MatDataTable implements AfterViewInit {
  @ViewChild(MatPaginator) paginator: MatPaginator;
  @ViewChild(MatSort) sort: MatSort;

  ngAfterViewInit() {
    this.dataSource.paginator = this.paginator;
    this.dataSource.sort = this.sort;
  }
}

@NgModule({
  imports: [
    CommonModule,
    MatTableModule,
    MatPaginatorModule,
    MatSortModule
  ],
  declarations: [DataTableComponent],
  exports: [DataTableComponent],
})
export class DataTableModule { }
