export function pushScaffoldCommands(context, isProduction: boolean, packageJsonParams) {
}

export function generateAngularComponent(test: string): string {

  return vscode.commands.registerCommand(
    GENERATE_ANGULAR_COMPONENT,
    async ({ path }) => createScaffold('angular-15.0.0', 'angular-core', path, context, isProduction, 'component', packageJsonParams)
  );

}
