import { Component, OnInit } from '@angular/core';

@Component({
  selector: 'razroo-test',
  templateUrl: './razroo-test.component.html',
  styleUrls: ['./razroo-test.component.scss'],
})
export class RazrooTestComponent implements OnInit {
  constructor() { }

  ngOnInit(): void { }

  determineStatus(event: any): string {
    this.toggle.emit(event);
  }
}
